<html>
<head>
    
</head>
<body>
    <p style="color: red !important;">hi</p>
    <span style="color: blue;">there</span>
</body>
</html>