<div></div>
<style>
@font-face {
    font-family: 'Extra';
}
</style>
