<html style="background: #FFF; color: #000;">
<head>
    
</head>
<body style="margin: 0; padding: 0;">
</body>
</html>
