<html><body style="padding-top: 20px; padding: 0;"></body></html>
