<html><body><div style="color: blue;">
</div></body></html>