<html><body style="color: red;">
<?php
echo "Hello world";
?>
</body></html>
