<div class="a b" style="color: red; padding-top: 0; padding: 10px;"></div>
